1790514143671|deposit|5000
1790514146489|deposit|10000
1790514146935|deposit|5000
1790514147756|deposit|50000
1790514150867|deposit|150000
1790514151233|deposit|150000
1790514151487|deposit|150000
1790514151680|deposit|150000
1790514151824|deposit|150000
1790514151994|deposit|150000
1790514153445|deposit|150000
1790514153585|deposit|150000
1790514153730|deposit|150000
1790514153890|deposit|150000
1790514154042|deposit|150000
1790514154166|deposit|150000
1790514154284|deposit|150000
1790514163188|reset|0
1790514167795|deposit|10000
1790514172426|reset|0
1790514173126|deposit|10000
1790514205040|reset|0
1790514205710|deposit|5000
1790514207337|reset|0
1790514207797|deposit|150000
1790514209547|reset|0
1790514210269|deposit|100000
1790514211964|reset|0
1790514503635|deposit|10000
1790514504168|deposit|25000
1790529158898|reset|0
1790529162724|deposit|150000
1790529165388|deposit|5000
1790529170930|deposit|50
1790529177048|withdraw|5000
1790529186047|withdraw|100000
1790529187758|deposit|100000
1790529188090|deposit|100000
1790529781150|withdraw|5000
1790529783375|withdraw|5000
1790530065232|deposit|100000
1790530065458|deposit|100000
1790530065673|deposit|100000
1790530586339|withdraw|100000
1790530586736|withdraw|100000
1790530587182|withdraw|100000
1790530587436|withdraw|100000
1790530587912|withdraw|100000
